
============================================================
 Speech AI Pipeline
============================================================
Version : 1.0.0
============================================================

============================================================
 Newspaper Inbox
============================================================
Folder............. D:\Laboratorio de IA\speech-ai\speech-ai\input\Jornais
PDFs recognized.... 1
PDFs unknown....... 0
============================================================

============================================================
 Fast newspaper pipeline: Valor Econômico
============================================================
PDF................ D:\Laboratorio de IA\speech-ai\speech-ai\input\Jornais\Valor Econômico- HD ‐ 03 a 051026.pdf

  [ok] Extração (40 páginas)                 1.9s
  ...  IA escrevendo os 3 destaques em paralelo
  [ok] IA: 3 destaques (paralelo)           95.8s
  [ok] IA: capa e abertura                  11.5s
  [ok] Roteiro (1014 palavras)               0.0s
Folder............. D:\Laboratorio de IA\speech-ai\speech-ai\output\Jornais\Valor Econômico - 06-10-2026 (2)

Script............. D:\Laboratorio de IA\speech-ai\speech-ai\output\Jornais\Valor Econômico - 06-10-2026 (2)\script.txt
Starting pipeline...


============================================================
 Speech Intelligence
============================================================
Language........... pt
Voice.............. pt-BR-FranciscaNeural
Reading Style...... Business
Complexity......... Low
Pacing............ Fast
Recommended WPM.... 145
Rate............... -5%
Pitch.............. +1Hz
Confidence......... 1.0
============================================================

  [ok] HTML + verificação de layout          4.5s
Skill finished..... 1.9 min | US$ 2.51

============================================================
 Pipeline Finished
============================================================
Slides............. 1
Words.............. 1033
Sentences.......... 73
Paragraphs......... 23
Characters......... 5813
Estimated Duration. 7.12 min

Narration.......... D:\Laboratorio de IA\speech-ai\speech-ai\output\narration.txt
Speech............. D:\Laboratorio de IA\speech-ai\speech-ai\output\speech.txt
Audio.............. D:\Laboratorio de IA\speech-ai\speech-ai\output\Valor Econômico- HD ‐ 03 a 051026_2026-10-06_18-17-14.mp3


============================================================
 Newspapers Summary
============================================================
[OK]    Valor Econômico: D:\Laboratorio de IA\speech-ai\speech-ai\output\Valor Econômico- HD ‐ 03 a 051026_2026-10-06_18-17-14.mp3
============================================================
